// Jest Snapshot v1, https://goo.gl/fbAQLP

exports[`snapshot test 1`] = `
<RCTSafeAreaView
  emulateUnlessSupported={true}
  style={
    Object {
      "backgroundColor": "#ffffff",
      "flex": 1,
    }
  }
>
  <RNCSafeAreaProvider
    onInsetsChange={[Function]}
    style={
      Array [
        Object {
          "flex": 1,
        },
        undefined,
      ]
    }
  >
    <RNSScreenStack
      style={
        Object {
          "flex": 1,
        }
      }
    >
      <RNSScreen
        forwardedRef={[Function]}
        onAppear={[Function]}
        onDisappear={[Function]}
        onDismissed={[Function]}
        onWillDisappear={[Function]}
        replaceAnimation="pop"
        stackPresentation="push"
        style={
          Object {
            "bottom": 0,
            "left": 0,
            "position": "absolute",
            "right": 0,
            "top": 0,
          }
        }
      >
        <RNSScreenStackHeaderConfig
          backButtonInCustomView={false}
          backgroundColor="rgb(255, 255, 255)"
          color="rgb(0, 122, 255)"
          direction="ltr"
          hidden={true}
          hideBackButton={false}
          hideShadow={false}
          largeTitleHideShadow={false}
          title="Home"
          titleColor="rgb(28, 28, 30)"
          topInsetEnabled={false}
          translucent={false}
        />
        <View
          style={
            Array [
              Object {
                "flex": 1,
              },
              Object {
                "backgroundColor": "rgb(242, 242, 242)",
              },
              undefined,
            ]
          }
        >
          <RCTSafeAreaView
            emulateUnlessSupported={true}
            style={
              Object {
                "alignItems": "center",
                "flex": 1,
              }
            }
          >
            <View
              style={
                Object {
                  "alignItems": "center",
                  "flex": 1,
                  "justifyContent": "center",
                }
              }
            >
              <Text
                style={
                  Object {
                    "fontSize": 32,
                  }
                }
              >
                React Native Quiz App
              </Text>
              <Text
                style={
                  Object {
                    "fontSize": 20,
                    "marginTop": 20,
                  }
                }
              >
                React Native로 제작된 퀴즈 앱입니다.
              </Text>
            </View>
            <View
              style={
                Object {
                  "alignItems": "center",
                  "flex": 1,
                  "justifyContent": "space-around",
                  "marginBottom": 50,
                  "width": "100%",
                }
              }
            >
              <View
                accessible={true}
                focusable={true}
                onClick={[Function]}
                onResponderGrant={[Function]}
                onResponderMove={[Function]}
                onResponderRelease={[Function]}
                onResponderTerminate={[Function]}
                onResponderTerminationRequest={[Function]}
                onStartShouldSetResponder={[Function]}
                style={
                  Object {
                    "alignItems": "center",
                    "backgroundColor": "gray",
                    "borderRadius": 20,
                    "justifyContent": "center",
                    "opacity": 1,
                    "paddingVertical": 20,
                    "width": "80%",
                  }
                }
              >
                <Text
                  style={
                    Object {
                      "fontSize": 16,
                    }
                  }
                >
                  퀴즈 풀기
                </Text>
              </View>
              <View
                accessible={true}
                focusable={true}
                onClick={[Function]}
                onResponderGrant={[Function]}
                onResponderMove={[Function]}
                onResponderRelease={[Function]}
                onResponderTerminate={[Function]}
                onResponderTerminationRequest={[Function]}
                onStartShouldSetResponder={[Function]}
                style={
                  Object {
                    "alignItems": "center",
                    "backgroundColor": "gray",
                    "borderRadius": 20,
                    "justifyContent": "center",
                    "opacity": 1,
                    "paddingVertical": 20,
                    "width": "80%",
                  }
                }
              >
                <Text
                  style={
                    Object {
                      "fontSize": 16,
                    }
                  }
                >
                  오답 노트
                </Text>
              </View>
            </View>
          </RCTSafeAreaView>
        </View>
      </RNSScreen>
    </RNSScreenStack>
  </RNCSafeAreaProvider>
</RCTSafeAreaView>
`;
