// Jest Snapshot v1, https://goo.gl/fbAQLP

exports[`renders correctly 1`] = `
<View
  style={
    Object {
      "alignItems": "center",
      "borderBottomColor": "gray",
      "borderBottomWidth": 1,
      "flexDirection": "row",
      "justifyContent": "space-between",
      "paddingVertical": 20,
      "width": "100%",
    }
  }
>
  <View
    accessible={true}
    focusable={true}
    onClick={[Function]}
    onResponderGrant={[Function]}
    onResponderMove={[Function]}
    onResponderRelease={[Function]}
    onResponderTerminate={[Function]}
    onResponderTerminationRequest={[Function]}
    onStartShouldSetResponder={[Function]}
    style={
      Object {
        "alignItems": "center",
        "height": 30,
        "justifyContent": "center",
        "opacity": 1,
        "width": 100,
      }
    }
  >
    <Text>
      Go Back
    </Text>
  </View>
  <Text
    style={
      Object {
        "fontSize": 20,
      }
    }
  >
    Quiz
  </Text>
  <View
    style={
      Object {
        "alignItems": "center",
        "height": 30,
        "justifyContent": "center",
        "width": 100,
      }
    }
  />
</View>
`;
