// Jest Snapshot v1, https://goo.gl/fbAQLP

exports[`snapshot test 1`] = `
<RCTSafeAreaView
  emulateUnlessSupported={true}
  style={
    Object {
      "backgroundColor": "white",
      "flex": 1,
    }
  }
>
  <View
    style={
      Object {
        "alignItems": "center",
        "borderBottomColor": "gray",
        "borderBottomWidth": 1,
        "flexDirection": "row",
        "justifyContent": "space-between",
        "paddingHorizontal": 16,
        "paddingVertical": 20,
        "width": "100%",
      }
    }
  >
    <View
      accessible={true}
      focusable={true}
      onClick={[Function]}
      onResponderGrant={[Function]}
      onResponderMove={[Function]}
      onResponderRelease={[Function]}
      onResponderTerminate={[Function]}
      onResponderTerminationRequest={[Function]}
      onStartShouldSetResponder={[Function]}
      style={
        Object {
          "alignItems": "center",
          "height": 24,
          "justifyContent": "center",
          "opacity": 1,
          "width": 24,
        }
      }
    >
      <Text
        allowFontScaling={false}
        style={
          Array [
            Object {
              "color": "black",
              "fontSize": 24,
            },
            undefined,
            Object {
              "fontFamily": "anticon",
              "fontStyle": "normal",
              "fontWeight": "normal",
            },
            Object {},
          ]
        }
      >
        î˜ 
      </Text>
    </View>
    <Text
      style={
        Object {
          "fontSize": 20,
        }
      }
    >
      Quiz
    </Text>
    <View
      style={
        Object {
          "alignItems": "center",
          "height": 24,
          "justifyContent": "center",
          "width": 24,
        }
      }
    />
  </View>
  <RCTSafeAreaView
    emulateUnlessSupported={true}
    style={
      Object {
        "alignItems": "center",
        "flex": 1,
        "paddingHorizontal": 16,
      }
    }
  >
    <View
      style={
        Object {
          "alignItems": "center",
          "flexDirection": "row",
          "justifyContent": "space-between",
          "marginTop": 20,
          "width": "100%",
        }
      }
    >
      <Text>
        Q
        1
      </Text>
      <View
        style={Object {}}
      >
        <Text>
          00:00
        </Text>
      </View>
      <Text>
        0
        /
      </Text>
    </View>
    <View
      style={
        Object {
          "flex": 1,
          "justifyContent": "center",
        }
      }
    >
      <Text>
        
      </Text>
    </View>
    <View
      style={
        Object {
          "flex": 2,
          "justifyContent": "center",
        }
      }
    >
      <Text>
        
      </Text>
    </View>
    <View
      style={
        Object {
          "flex": 3,
          "justifyContent": "center",
        }
      }
    />
  </RCTSafeAreaView>
  <View
    style={
      Object {
        "alignItems": "center",
        "flexDirection": "row",
        "height": 50,
        "justifyContent": "flex-end",
        "paddingRight": 20,
      }
    }
  />
</RCTSafeAreaView>
`;
