// Jest Snapshot v1, https://goo.gl/fbAQLP

exports[`snapshot test 1`] = `
<View
  style={
    Object {
      "backgroundColor": "white",
      "flex": 1,
    }
  }
>
  <View
    style={
      Object {
        "alignItems": "center",
        "borderBottomColor": "gray",
        "borderBottomWidth": 1,
        "flexDirection": "row",
        "justifyContent": "space-between",
        "paddingHorizontal": 16,
        "paddingVertical": 20,
        "width": "100%",
      }
    }
  >
    <View
      accessible={true}
      focusable={true}
      onClick={[Function]}
      onResponderGrant={[Function]}
      onResponderMove={[Function]}
      onResponderRelease={[Function]}
      onResponderTerminate={[Function]}
      onResponderTerminationRequest={[Function]}
      onStartShouldSetResponder={[Function]}
      style={
        Object {
          "alignItems": "center",
          "height": 24,
          "justifyContent": "center",
          "opacity": 1,
          "width": 24,
        }
      }
    >
      <Text
        allowFontScaling={false}
        style={
          Array [
            Object {
              "color": "black",
              "fontSize": 24,
            },
            undefined,
            Object {
              "fontFamily": "anticon",
              "fontStyle": "normal",
              "fontWeight": "normal",
            },
            Object {},
          ]
        }
      >
        
      </Text>
    </View>
    <Text
      style={
        Object {
          "fontSize": 20,
        }
      }
    >
      Result
    </Text>
    <View
      style={
        Object {
          "alignItems": "center",
          "height": 24,
          "justifyContent": "center",
          "width": 24,
        }
      }
    />
  </View>
  <View
    style={
      Object {
        "alignItems": "center",
        "borderRadius": 16,
        "flex": 1,
        "height": 220,
        "justifyContent": "center",
        "marginVertical": 8,
        "padding": 0,
        "width": 750,
      }
    }
  >
    <RNSVGSvgView
      bbHeight={220}
      bbWidth={750}
      focusable={false}
      height={220}
      style={
        Array [
          Object {
            "backgroundColor": "transparent",
            "borderWidth": 0,
          },
          Object {
            "flex": 0,
            "height": 220,
            "width": 750,
          },
        ]
      }
      width={750}
    >
      <RNSVGGroup>
        <RNSVGGroup>
          <RNSVGDefs>
            <RNSVGLinearGradient
              gradient={
                Array [
                  0,
                  -291840,
                  1,
                  -22746,
                ]
              }
              gradientTransform={null}
              gradientUnits={1}
              name="backgroundGradient"
              x1={0}
              x2={220}
              y1={220}
              y2={0}
            />
            <RNSVGLinearGradient
              gradient={
                Array [
                  0,
                  452984831,
                  1,
                  16777215,
                ]
              }
              gradientTransform={null}
              gradientUnits={1}
              name="fillShadowGradient"
              x1={0}
              x2={0}
              y1={0}
              y2={220}
            />
          </RNSVGDefs>
        </RNSVGGroup>
        <RNSVGRect
          fill={0}
          height={220}
          propList={
            Array [
              "fill",
            ]
          }
          rx={16}
          ry={16}
          width="100%"
          x={0}
          y={0}
        />
        <RNSVGGroup
          matrix={
            Array [
              1,
              0,
              -0,
              1,
              207.5,
              110,
            ]
          }
        >
          <RNSVGGroup>
            <RNSVGPath
              d="M NaN NaN A 88 88 0 0 1 NaN NaN L NaN NaN A 0 0 0 0 0 NaN NaN Z "
              fill={4286818282}
              propList={
                Array [
                  "fill",
                ]
              }
            />
            <RNSVGRect
              fill={4286818282}
              height="16px"
              propList={
                Array [
                  "fill",
                ]
              }
              rx={8}
              ry={8}
              width="16px"
              x={276}
              y={-76}
            />
            <RNSVGText
              content={null}
              dx={Array []}
              dy={Array []}
              fill={4286545791}
              font={
                Object {
                  "fontSize": 15,
                }
              }
              propList={
                Array [
                  "fill",
                ]
              }
              rotate={Array []}
              x={
                Array [
                  300,
                ]
              }
              y={
                Array [
                  -64,
                ]
              }
            >
              <RNSVGTSpan
                content="NaN% 정답"
                dx={Array []}
                dy={Array []}
                font={Object {}}
                rotate={Array []}
                x={Array []}
                y={Array []}
              />
            </RNSVGText>
          </RNSVGGroup>
          <RNSVGGroup>
            <RNSVGPath
              d="M NaN NaN A 88 88 0 0 1 NaN NaN L NaN NaN A 0 0 0 0 0 NaN NaN Z "
              fill={4294901760}
              propList={
                Array [
                  "fill",
                ]
              }
            />
            <RNSVGRect
              fill={4294901760}
              height="16px"
              propList={
                Array [
                  "fill",
                ]
              }
              rx={8}
              ry={8}
              width="16px"
              x={276}
              y={12}
            />
            <RNSVGText
              content={null}
              dx={Array []}
              dy={Array []}
              fill={4286545791}
              font={
                Object {
                  "fontSize": 15,
                }
              }
              propList={
                Array [
                  "fill",
                ]
              }
              rotate={Array []}
              x={
                Array [
                  300,
                ]
              }
              y={
                Array [
                  24,
                ]
              }
            >
              <RNSVGTSpan
                content="NaN% 오답"
                dx={Array []}
                dy={Array []}
                font={Object {}}
                rotate={Array []}
                x={Array []}
                y={Array []}
              />
            </RNSVGText>
          </RNSVGGroup>
        </RNSVGGroup>
      </RNSVGGroup>
    </RNSVGSvgView>
  </View>
  <View
    style={
      Object {
        "alignItems": "center",
        "flex": 1,
        "justifyContent": "space-around",
        "paddingBottom": 20,
      }
    }
  >
    <Text>
      전체 문제: 
    </Text>
    <Text>
      정답 개수: 
    </Text>
    <Text>
      오답 개수: 
      NaN
    </Text>
    <Text>
      소요 시간: 
       
    </Text>
  </View>
  <View
    style={
      Object {
        "alignItems": "center",
        "justifyContent": "center",
        "marginVertical": 50,
      }
    }
  >
    <View
      accessible={true}
      focusable={true}
      onClick={[Function]}
      onResponderGrant={[Function]}
      onResponderMove={[Function]}
      onResponderRelease={[Function]}
      onResponderTerminate={[Function]}
      onResponderTerminationRequest={[Function]}
      onStartShouldSetResponder={[Function]}
      style={
        Object {
          "alignItems": "center",
          "backgroundColor": "gray",
          "borderRadius": 20,
          "justifyContent": "center",
          "opacity": 1,
          "paddingVertical": 20,
          "width": "80%",
        }
      }
    >
      <Text>
        다시 풀기
      </Text>
    </View>
  </View>
</View>
`;
